******************************************************************************
                  TI ARM Linker PC v20.2.0                     
******************************************************************************
>> Linked Wed Feb  5 02:20:00 2025

OUTPUT FILE NAME:   <pgm_macro_intro.out>
ENTRY POINT SYMBOL: "_c_int00_noinit_noargs"  address: 0000015d


MEMORY CONFIGURATION

         name            origin    length      used     unused   attr    fill
----------------------  --------  ---------  --------  --------  ----  --------
  MAIN                  00000000   00040000  000001ca  0003fe36  R  X
  INFO                  00200000   00004000  00000000  00004000  R  X
  SRAM_CODE             01000000   00010000  00000200  0000fe00  RW X
  SRAM_DATA             20000000   00010000  00000200  0000fe00  RW  


SEGMENT ALLOCATION MAP

run origin  load origin   length   init length attrs members
----------  ----------- ---------- ----------- ----- -------
00000000    00000000    000001ca   000001ca    r-x
  00000000    00000000    000000e4   000000e4    r-- .intvecs
  000000e4    000000e4    000000e6   000000e6    r-x .text
2000fe00    2000fe00    00000200   00000000    rw-
  2000fe00    2000fe00    00000200   00000000    rw- .stack


SECTION ALLOCATION MAP

 output                                  attributes/
section   page    origin      length       input sections
--------  ----  ----------  ----------   ----------------
.intvecs   0    00000000    000000e4     
                  00000000    000000e4     startup_msp432p401r_ccs.obj (.intvecs:retain)

.text      0    000000e4    000000e6     
                  000000e4    00000078     system_msp432p401r.obj (.text:SystemInit)
                  0000015c    0000002c     rtsv7M4_T_le_v4SPD16_eabi.lib : boot_cortex_m.c.obj (.text:_c_int00_noinit_noargs:_c_int00_noinit_noargs)
                  00000188    0000002c     pgm_macro_intro_main.obj (.text:main)
                  000001b4    0000000c     startup_msp432p401r_ccs.obj (.text:Reset_Handler)
                  000001c0    00000004     rtsv7M4_T_le_v4SPD16_eabi.lib : pre_init.c.obj (.text:_system_pre_init)
                  000001c4    00000004                                   : exit.c.obj (.text:abort:abort)
                  000001c8    00000002     startup_msp432p401r_ccs.obj (.text:Default_Handler)

.cinit     0    00000000    00000000     UNINITIALIZED

.init_array 
*          0    00000000    00000000     UNINITIALIZED

.binit     0    00000000    00000000     

.stack     0    2000fe00    00000200     UNINITIALIZED
                  2000fe00    00000004     rtsv7M4_T_le_v4SPD16_eabi.lib : boot_cortex_m.c.obj (.stack)
                  2000fe04    000001fc     --HOLE--

__llvm_prf_cnts 
*          0    20000000    00000000     UNINITIALIZED

MODULE SUMMARY

       Module                        code   ro data   rw data
       ------                        ----   -------   -------
    .\
       system_msp432p401r.obj        120    0         0      
       pgm_macro_intro_main.obj      44     0         0      
    +--+-----------------------------+------+---------+---------+
       Total:                        164    0         0      
                                                             
    .\ccs\
       startup_msp432p401r_ccs.obj   14     228       0      
    +--+-----------------------------+------+---------+---------+
       Total:                        14     228       0      
                                                             
    C:\ti\ccs1000\ccs\tools\compiler\ti-cgt-arm_20.2.0.LTS\lib\rtsv7M4_T_le_v4SPD16_eabi.lib
       boot_cortex_m.c.obj           44     0         0      
       exit.c.obj                    4      0         0      
       pre_init.c.obj                4      0         0      
    +--+-----------------------------+------+---------+---------+
       Total:                        52     0         0      
                                                             
       Stack:                        0      0         1024   
    +--+-----------------------------+------+---------+---------+
       Grand Total:                  230    228       1024   


GLOBAL SYMBOLS: SORTED ALPHABETICALLY BY Name 

address   name                   
-------   ----                   
000001c9  ADC14_IRQHandler       
000001c9  AES256_IRQHandler      
000001c9  BusFault_Handler       
000001c5  C$$EXIT                
000001c9  COMP_E0_IRQHandler     
000001c9  COMP_E1_IRQHandler     
000001c9  CS_IRQHandler          
000001c9  DMA_ERR_IRQHandler     
000001c9  DMA_INT0_IRQHandler    
000001c9  DMA_INT1_IRQHandler    
000001c9  DMA_INT2_IRQHandler    
000001c9  DMA_INT3_IRQHandler    
000001c9  DebugMon_Handler       
000001c9  Default_Handler        
000001c9  EUSCIA0_IRQHandler     
000001c9  EUSCIA1_IRQHandler     
000001c9  EUSCIA2_IRQHandler     
000001c9  EUSCIA3_IRQHandler     
000001c9  EUSCIB0_IRQHandler     
000001c9  EUSCIB1_IRQHandler     
000001c9  EUSCIB2_IRQHandler     
000001c9  EUSCIB3_IRQHandler     
000001c9  FLCTL_IRQHandler       
000001c9  FPU_IRQHandler         
000001c9  HardFault_Handler      
000001c9  MemManage_Handler      
000001c9  NMI_Handler            
000001c9  PCM_IRQHandler         
000001c9  PORT1_IRQHandler       
000001c9  PORT2_IRQHandler       
000001c9  PORT3_IRQHandler       
000001c9  PORT4_IRQHandler       
000001c9  PORT5_IRQHandler       
000001c9  PORT6_IRQHandler       
000001c9  PSS_IRQHandler         
000001c9  PendSV_Handler         
000001c9  RTC_C_IRQHandler       
000001b5  Reset_Handler          
000001c9  SVC_Handler            
000001c9  SysTick_Handler        
000000e5  SystemInit             
000001c9  T32_INT1_IRQHandler    
000001c9  T32_INT2_IRQHandler    
000001c9  T32_INTC_IRQHandler    
000001c9  TA0_0_IRQHandler       
000001c9  TA0_N_IRQHandler       
000001c9  TA1_0_IRQHandler       
000001c9  TA1_N_IRQHandler       
000001c9  TA2_0_IRQHandler       
000001c9  TA2_N_IRQHandler       
000001c9  TA3_0_IRQHandler       
000001c9  TA3_N_IRQHandler       
000001c9  UsageFault_Handler     
4000480c  WDTCTL_SYM             
000001c9  WDT_A_IRQHandler       
20010000  __STACK_END            
00000200  __STACK_SIZE           
ffffffff  __TI_pprof_out_hndl    
ffffffff  __TI_prof_data_size    
ffffffff  __TI_prof_data_start   
00000000  __TI_static_base__     
ffffffff  __binit__              
ffffffff  __c_args__             
UNDEFED   __mpu_init             
2000fe00  __stack                
20000000  __start___llvm_prf_cnts
20000000  __stop___llvm_prf_cnts 
0000015d  _c_int00_noinit_noargs 
000001c1  _system_pre_init       
000001c5  abort                  
ffffffff  binit                  
00000000  interruptVectors       
00000189  main                   


GLOBAL SYMBOLS: SORTED BY Symbol Address 

address   name                   
-------   ----                   
00000000  __TI_static_base__     
00000000  interruptVectors       
000000e5  SystemInit             
0000015d  _c_int00_noinit_noargs 
00000189  main                   
000001b5  Reset_Handler          
000001c1  _system_pre_init       
000001c5  C$$EXIT                
000001c5  abort                  
000001c9  ADC14_IRQHandler       
000001c9  AES256_IRQHandler      
000001c9  BusFault_Handler       
000001c9  COMP_E0_IRQHandler     
000001c9  COMP_E1_IRQHandler     
000001c9  CS_IRQHandler          
000001c9  DMA_ERR_IRQHandler     
000001c9  DMA_INT0_IRQHandler    
000001c9  DMA_INT1_IRQHandler    
000001c9  DMA_INT2_IRQHandler    
000001c9  DMA_INT3_IRQHandler    
000001c9  DebugMon_Handler       
000001c9  Default_Handler        
000001c9  EUSCIA0_IRQHandler     
000001c9  EUSCIA1_IRQHandler     
000001c9  EUSCIA2_IRQHandler     
000001c9  EUSCIA3_IRQHandler     
000001c9  EUSCIB0_IRQHandler     
000001c9  EUSCIB1_IRQHandler     
000001c9  EUSCIB2_IRQHandler     
000001c9  EUSCIB3_IRQHandler     
000001c9  FLCTL_IRQHandler       
000001c9  FPU_IRQHandler         
000001c9  HardFault_Handler      
000001c9  MemManage_Handler      
000001c9  NMI_Handler            
000001c9  PCM_IRQHandler         
000001c9  PORT1_IRQHandler       
000001c9  PORT2_IRQHandler       
000001c9  PORT3_IRQHandler       
000001c9  PORT4_IRQHandler       
000001c9  PORT5_IRQHandler       
000001c9  PORT6_IRQHandler       
000001c9  PSS_IRQHandler         
000001c9  PendSV_Handler         
000001c9  RTC_C_IRQHandler       
000001c9  SVC_Handler            
000001c9  SysTick_Handler        
000001c9  T32_INT1_IRQHandler    
000001c9  T32_INT2_IRQHandler    
000001c9  T32_INTC_IRQHandler    
000001c9  TA0_0_IRQHandler       
000001c9  TA0_N_IRQHandler       
000001c9  TA1_0_IRQHandler       
000001c9  TA1_N_IRQHandler       
000001c9  TA2_0_IRQHandler       
000001c9  TA2_N_IRQHandler       
000001c9  TA3_0_IRQHandler       
000001c9  TA3_N_IRQHandler       
000001c9  UsageFault_Handler     
000001c9  WDT_A_IRQHandler       
00000200  __STACK_SIZE           
20000000  __start___llvm_prf_cnts
20000000  __stop___llvm_prf_cnts 
2000fe00  __stack                
20010000  __STACK_END            
4000480c  WDTCTL_SYM             
ffffffff  __TI_pprof_out_hndl    
ffffffff  __TI_prof_data_size    
ffffffff  __TI_prof_data_start   
ffffffff  __binit__              
ffffffff  __c_args__             
ffffffff  binit                  
UNDEFED   __mpu_init             

[73 symbols]
